2026-10-07 12:47:17,533 INFO o.a.j.u.JMeterUtils: Setting Locale to en_EN
2026-10-07 12:47:17,689 INFO o.a.j.JMeter: Loading user properties from: C:\jmeter\bin\user.properties
2026-10-07 12:47:17,693 INFO o.a.j.JMeter: Loading system properties from: C:\jmeter\bin\system.properties
2026-10-07 12:47:17,700 INFO o.a.j.JMeter: Copyright (c) 1998-2024 The Apache Software Foundation
2026-10-07 12:47:17,701 INFO o.a.j.JMeter: Version 5.6.3
2026-10-07 12:47:17,701 INFO o.a.j.JMeter: java.version=11.0.29
2026-10-07 12:47:17,701 INFO o.a.j.JMeter: java.vm.name=OpenJDK Server VM
2026-10-07 12:47:17,701 INFO o.a.j.JMeter: os.name=Windows 11
2026-10-07 12:47:17,701 INFO o.a.j.JMeter: os.arch=x86
2026-10-07 12:47:17,701 INFO o.a.j.JMeter: os.version=10.0
2026-10-07 12:47:17,702 INFO o.a.j.JMeter: file.encoding=Cp1252
2026-10-07 12:47:17,702 INFO o.a.j.JMeter: java.awt.headless=null
2026-10-07 12:47:17,702 INFO o.a.j.JMeter: Max memory     =1073741824
2026-10-07 12:47:17,702 INFO o.a.j.JMeter: Available Processors =8
2026-10-07 12:47:17,714 INFO o.a.j.JMeter: Default Locale=English (EN)
2026-10-07 12:47:17,714 INFO o.a.j.JMeter: JMeter  Locale=English (EN)
2026-10-07 12:47:17,714 INFO o.a.j.JMeter: JMeterHome=C:\jmeter
2026-10-07 12:47:17,714 INFO o.a.j.JMeter: user.dir  =C:\Users\jors.castro_pragma\Documents\proyectos\challenge-framework
2026-10-07 12:47:17,715 INFO o.a.j.JMeter: PWD       =C:\Users\jors.castro_pragma\Documents\proyectos\challenge-framework
2026-10-07 12:47:17,769 INFO o.a.j.JMeter: IP: 192.168.1.44 Name: JORS-CASTRO FullName: 192.168.1.44
2026-10-07 12:47:17,787 INFO o.a.j.JMeter: Loaded icon properties from org/apache/jmeter/images/icon.properties
2026-10-07 12:47:18,285 INFO o.a.j.JMeterGuiLauncher: Setting LAF to: com.github.weisj.darklaf.DarkLaf:com.github.weisj.darklaf.theme.DarculaTheme
2026-10-07 12:47:32,534 INFO o.a.j.s.FileServer: Default base='C:\Users\jors.castro_pragma\Documents\proyectos\challenge-framework'
2026-10-07 12:49:55,786 INFO o.a.j.p.h.s.HTTPSamplerBase: Parser for text/html is org.apache.jmeter.protocol.http.parser.LagartoBasedHtmlParser
2026-10-07 12:49:55,786 INFO o.a.j.p.h.s.HTTPSamplerBase: Parser for application/xhtml+xml is org.apache.jmeter.protocol.http.parser.LagartoBasedHtmlParser
2026-10-07 12:49:55,786 INFO o.a.j.p.h.s.HTTPSamplerBase: Parser for application/xml is org.apache.jmeter.protocol.http.parser.LagartoBasedHtmlParser
2026-10-07 12:49:55,786 INFO o.a.j.p.h.s.HTTPSamplerBase: Parser for text/xml is org.apache.jmeter.protocol.http.parser.LagartoBasedHtmlParser
2026-10-07 12:49:55,786 INFO o.a.j.p.h.s.HTTPSamplerBase: Parser for text/vnd.wap.wml is org.apache.jmeter.protocol.http.parser.RegexpHTMLParser
2026-10-07 12:49:55,786 INFO o.a.j.p.h.s.HTTPSamplerBase: Parser for text/css is org.apache.jmeter.protocol.http.parser.CssParser
2026-10-07 13:07:41,938 INFO o.a.j.s.FileServer: Set new base='C:\Users\jors.castro_pragma\Documents\proyectos\challenge-framework'
2026-10-07 13:07:42,178 INFO o.a.j.s.SaveService: Testplan (JMX) version: 2.2. Testlog (JTL) version: 2.2
2026-10-07 13:07:42,207 INFO o.a.j.s.SaveService: Using SaveService properties version 5.0
2026-10-07 13:07:42,208 INFO o.a.j.s.SaveService: Using SaveService properties file encoding UTF-8
2026-10-07 13:07:42,235 INFO o.a.j.e.StandardJMeterEngine: Running the test!
2026-10-07 13:07:42,236 INFO o.a.j.s.SampleEvent: List of sample_variables: []
2026-10-07 13:07:42,236 INFO o.a.j.s.SampleEvent: List of sample_variables: []
2026-10-07 13:07:42,237 INFO o.a.j.e.u.CompoundVariable: Note: Function class names must contain the string: '.functions.'
2026-10-07 13:07:42,237 INFO o.a.j.e.u.CompoundVariable: Note: Function class names must not contain the string: '.gui.'
2026-10-07 13:07:42,518 INFO o.a.j.g.u.JMeterMenuBar: setRunning(true, *local*)
2026-10-07 13:07:42,550 INFO o.a.j.e.StandardJMeterEngine: Starting ThreadGroup: 1 : Thread Group
2026-10-07 13:07:42,550 INFO o.a.j.e.StandardJMeterEngine: Starting 1 threads for group Thread Group.
2026-10-07 13:07:42,550 INFO o.a.j.e.StandardJMeterEngine: Thread will continue on error
2026-10-07 13:07:42,550 INFO o.a.j.t.ThreadGroup: Starting thread group... number=1 threads=1 ramp-up=1 delayedStart=false
2026-10-07 13:07:42,553 INFO o.a.j.t.ThreadGroup: Started thread group number 1
2026-10-07 13:07:42,553 INFO o.a.j.e.StandardJMeterEngine: All thread groups have been started
2026-10-07 13:07:42,557 INFO o.a.j.t.JMeterThread: Thread started: Thread Group 1-1
2026-10-07 13:07:42,569 INFO o.a.j.p.h.s.HTTPHCAbstractImpl: Local host = JORS-CASTRO
2026-10-07 13:07:42,576 INFO o.a.j.p.h.s.HTTPHC4Impl: HTTP request retry count = 0
2026-10-07 13:07:42,578 INFO o.a.j.s.SampleResult: Note: Sample TimeStamps are START times
2026-10-07 13:07:42,578 INFO o.a.j.s.SampleResult: sampleresult.default.encoding is set to UTF-8
2026-10-07 13:07:42,578 INFO o.a.j.s.SampleResult: sampleresult.useNanoTime=true
2026-10-07 13:07:42,578 INFO o.a.j.s.SampleResult: sampleresult.nanoThreadSleep=5000
2026-10-07 13:07:45,355 INFO o.a.j.t.JMeterThread: Thread is done: Thread Group 1-1
2026-10-07 13:07:45,356 INFO o.a.j.t.JMeterThread: Thread finished: Thread Group 1-1
2026-10-07 13:07:45,356 INFO o.a.j.e.StandardJMeterEngine: Notifying test listeners of end of test
2026-10-07 13:07:45,356 INFO o.a.j.g.u.JMeterMenuBar: setRunning(false, *local*)
2026-10-07 13:08:16,208 INFO o.a.j.e.StandardJMeterEngine: Running the test!
2026-10-07 13:08:16,208 INFO o.a.j.s.SampleEvent: List of sample_variables: []
2026-10-07 13:08:16,212 INFO o.a.j.g.u.JMeterMenuBar: setRunning(true, *local*)
2026-10-07 13:08:16,239 INFO o.a.j.e.StandardJMeterEngine: Starting ThreadGroup: 1 : Thread Group
2026-10-07 13:08:16,239 INFO o.a.j.e.StandardJMeterEngine: Starting 1 threads for group Thread Group.
2026-10-07 13:08:16,239 INFO o.a.j.e.StandardJMeterEngine: Thread will continue on error
2026-10-07 13:08:16,240 INFO o.a.j.t.ThreadGroup: Starting thread group... number=1 threads=1 ramp-up=1 delayedStart=false
2026-10-07 13:08:16,240 INFO o.a.j.t.ThreadGroup: Started thread group number 1
2026-10-07 13:08:16,240 INFO o.a.j.e.StandardJMeterEngine: All thread groups have been started
2026-10-07 13:08:16,241 INFO o.a.j.t.JMeterThread: Thread started: Thread Group 1-1
2026-10-07 13:08:17,782 INFO o.a.j.t.JMeterThread: Thread is done: Thread Group 1-1
2026-10-07 13:08:17,783 INFO o.a.j.t.JMeterThread: Thread finished: Thread Group 1-1
2026-10-07 13:08:17,783 INFO o.a.j.e.StandardJMeterEngine: Notifying test listeners of end of test
2026-10-07 13:08:17,783 INFO o.a.j.g.u.JMeterMenuBar: setRunning(false, *local*)
2026-10-07 13:20:05,203 INFO o.a.j.e.StandardJMeterEngine: Running the test!
2026-10-07 13:20:05,204 INFO o.a.j.s.SampleEvent: List of sample_variables: []
2026-10-07 13:20:05,209 INFO o.a.j.g.u.JMeterMenuBar: setRunning(true, *local*)
2026-10-07 13:20:05,273 INFO o.a.j.e.StandardJMeterEngine: Starting ThreadGroup: 1 : Thread Group
2026-10-07 13:20:05,273 INFO o.a.j.e.StandardJMeterEngine: Starting 1 threads for group Thread Group.
2026-10-07 13:20:05,274 INFO o.a.j.e.StandardJMeterEngine: Thread will continue on error
2026-10-07 13:20:05,274 INFO o.a.j.t.ThreadGroup: Starting thread group... number=1 threads=1 ramp-up=1 delayedStart=false
2026-10-07 13:20:05,275 INFO o.a.j.t.ThreadGroup: Started thread group number 1
2026-10-07 13:20:05,276 INFO o.a.j.e.StandardJMeterEngine: All thread groups have been started
2026-10-07 13:20:05,279 INFO o.a.j.t.JMeterThread: Thread started: Thread Group 1-1
2026-10-07 13:20:07,933 INFO o.a.j.t.JMeterThread: Thread is done: Thread Group 1-1
2026-10-07 13:20:07,933 INFO o.a.j.t.JMeterThread: Thread finished: Thread Group 1-1
2026-10-07 13:20:07,934 INFO o.a.j.e.StandardJMeterEngine: Notifying test listeners of end of test
2026-10-07 13:20:07,935 INFO o.a.j.g.u.JMeterMenuBar: setRunning(false, *local*)
2026-10-07 13:21:04,445 INFO o.a.j.e.StandardJMeterEngine: Running the test!
2026-10-07 13:21:04,445 INFO o.a.j.s.SampleEvent: List of sample_variables: []
2026-10-07 13:21:04,451 INFO o.a.j.g.u.JMeterMenuBar: setRunning(true, *local*)
2026-10-07 13:21:04,495 INFO o.a.j.e.StandardJMeterEngine: Starting ThreadGroup: 1 : Thread Group
2026-10-07 13:21:04,496 INFO o.a.j.e.StandardJMeterEngine: Starting 1 threads for group Thread Group.
2026-10-07 13:21:04,496 INFO o.a.j.e.StandardJMeterEngine: Thread will continue on error
2026-10-07 13:21:04,497 INFO o.a.j.t.ThreadGroup: Starting thread group... number=1 threads=1 ramp-up=1 delayedStart=false
2026-10-07 13:21:04,499 INFO o.a.j.t.ThreadGroup: Started thread group number 1
2026-10-07 13:21:04,499 INFO o.a.j.e.StandardJMeterEngine: All thread groups have been started
2026-10-07 13:21:04,502 INFO o.a.j.t.JMeterThread: Thread started: Thread Group 1-1
2026-10-07 13:21:06,944 INFO o.a.j.t.JMeterThread: Thread is done: Thread Group 1-1
2026-10-07 13:21:06,945 INFO o.a.j.t.JMeterThread: Thread finished: Thread Group 1-1
2026-10-07 13:21:06,946 INFO o.a.j.e.StandardJMeterEngine: Notifying test listeners of end of test
2026-10-07 13:21:06,948 INFO o.a.j.g.u.JMeterMenuBar: setRunning(false, *local*)
